// Jest Snapshot v1, https://jestjs.io/docs/snapshot-testing

exports[`TennisPlayersStack matches the snapshot 1`] = `
{
  "Outputs": {
    "ApiUrl": {
      "Description": "Base URL of the API",
      "Value": {
        "Fn::Join": [
          "",
          [
            {
              "Fn::GetAtt": [
                "HttpApiF5A9A8A7",
                "ApiEndpoint",
              ],
            },
            "/api/v1",
          ],
        ],
      },
    },
    "DocsUrl": {
      "Description": "Swagger UI",
      "Value": {
        "Fn::Join": [
          "",
          [
            {
              "Fn::GetAtt": [
                "HttpApiF5A9A8A7",
                "ApiEndpoint",
              ],
            },
            "/docs",
          ],
        ],
      },
    },
    "TableName": {
      "Description": "DynamoDB table (PLAYERS_TABLE_NAME)",
      "Value": {
        "Ref": "TableCD117FA1",
      },
    },
  },
  "Parameters": {
    "BootstrapVersion": {
      "Default": "/cdk-bootstrap/hnb659fds/version",
      "Description": "Version of the CDK Bootstrap resources in this environment, automatically retrieved from SSM Parameter Store. [cdk:skip]",
      "Type": "AWS::SSM::Parameter::Value<String>",
    },
  },
  "Resources": {
    "ApiFunctionCE271BD4": {
      "DependsOn": [
        "ApiFunctionServiceRoleDefaultPolicy20A32B8D",
        "ApiFunctionServiceRole52B9747B",
        "Migrations",
      ],
      "Properties": {
        "Architectures": [
          "arm64",
        ],
        "Code": {
          "S3Bucket": "cdk-hnb659fds-assets-123456789012-eu-west-3",
          "S3Key": "4ec919641b0c349f57982fbd4db1178d99fd1707ba0cc54727b79360786ecde5.zip",
        },
        "Description": "Tennis players REST API (NestJS)",
        "Environment": {
          "Variables": {
            "API_KEY": "test-api-key-0123456789",
            "NODE_ENV": "production",
            "NODE_OPTIONS": "--enable-source-maps",
            "PLAYERS_TABLE_NAME": {
              "Ref": "TableCD117FA1",
            },
          },
        },
        "Handler": "index.handler",
        "LoggingConfig": {
          "LogFormat": "JSON",
          "LogGroup": {
            "Ref": "ApiFunctionLogs0D7A2434",
          },
        },
        "MemorySize": 1024,
        "Role": {
          "Fn::GetAtt": [
            "ApiFunctionServiceRole52B9747B",
            "Arn",
          ],
        },
        "Runtime": "nodejs24.x",
        "Timeout": 10,
      },
      "Type": "AWS::Lambda::Function",
    },
    "ApiFunctionLogs0D7A2434": {
      "DeletionPolicy": "Delete",
      "Properties": {
        "RetentionInDays": 30,
      },
      "Type": "AWS::Logs::LogGroup",
      "UpdateReplacePolicy": "Delete",
    },
    "ApiFunctionServiceRole52B9747B": {
      "DependsOn": [
        "Migrations",
      ],
      "Properties": {
        "AssumeRolePolicyDocument": {
          "Statement": [
            {
              "Action": "sts:AssumeRole",
              "Effect": "Allow",
              "Principal": {
                "Service": "lambda.amazonaws.com",
              },
            },
          ],
          "Version": "2012-10-17",
        },
        "ManagedPolicyArns": [
          {
            "Fn::Join": [
              "",
              [
                "arn:",
                {
                  "Ref": "AWS::Partition",
                },
                ":iam::aws:policy/service-role/AWSLambdaBasicExecutionRole",
              ],
            ],
          },
        ],
      },
      "Type": "AWS::IAM::Role",
    },
    "ApiFunctionServiceRoleDefaultPolicy20A32B8D": {
      "DependsOn": [
        "Migrations",
      ],
      "Properties": {
        "PolicyDocument": {
          "Statement": [
            {
              "Action": [
                "dynamodb:BatchGetItem",
                "dynamodb:Query",
                "dynamodb:GetItem",
                "dynamodb:Scan",
                "dynamodb:ConditionCheckItem",
                "dynamodb:DescribeTable",
              ],
              "Effect": "Allow",
              "Resource": [
                {
                  "Fn::GetAtt": [
                    "TableCD117FA1",
                    "Arn",
                  ],
                },
                {
                  "Fn::Join": [
                    "",
                    [
                      {
                        "Fn::GetAtt": [
                          "TableCD117FA1",
                          "Arn",
                        ],
                      },
                      "/index/*",
                    ],
                  ],
                },
              ],
            },
            {
              "Action": [
                "dynamodb:GetRecords",
                "dynamodb:GetShardIterator",
              ],
              "Effect": "Allow",
              "Resource": [
                {
                  "Fn::GetAtt": [
                    "TableCD117FA1",
                    "Arn",
                  ],
                },
                {
                  "Fn::Join": [
                    "",
                    [
                      {
                        "Fn::GetAtt": [
                          "TableCD117FA1",
                          "Arn",
                        ],
                      },
                      "/index/*",
                    ],
                  ],
                },
              ],
            },
            {
              "Action": [
                "dynamodb:PutItem",
                "dynamodb:UpdateItem",
              ],
              "Condition": {
                "ForAllValues:StringLike": {
                  "dynamodb:LeadingKeys": [
                    "PLAYER#*",
                    "COUNTER",
                  ],
                },
              },
              "Effect": "Allow",
              "Resource": {
                "Fn::GetAtt": [
                  "TableCD117FA1",
                  "Arn",
                ],
              },
            },
          ],
          "Version": "2012-10-17",
        },
        "PolicyName": "ApiFunctionServiceRoleDefaultPolicy20A32B8D",
        "Roles": [
          {
            "Ref": "ApiFunctionServiceRole52B9747B",
          },
        ],
      },
      "Type": "AWS::IAM::Policy",
    },
    "DefaultStageEE28A986": {
      "Properties": {
        "AccessLogSettings": {
          "DestinationArn": {
            "Fn::GetAtt": [
              "HttpApiAccessLogs4B419BF6",
              "Arn",
            ],
          },
          "Format": "{"requestId":"$context.requestId","ip":"$context.identity.sourceIp","user":"$context.identity.user","caller":"$context.identity.caller","requestTime":"$context.requestTime","httpMethod":"$context.httpMethod","resourcePath":"$context.resourcePath","status":"$context.status","protocol":"$context.protocol","responseLength":"$context.responseLength"}",
        },
        "ApiId": {
          "Ref": "HttpApiF5A9A8A7",
        },
        "AutoDeploy": true,
        "DefaultRouteSettings": {
          "ThrottlingBurstLimit": 100,
          "ThrottlingRateLimit": 50,
        },
        "StageName": "$default",
      },
      "Type": "AWS::ApiGatewayV2::Stage",
    },
    "HttpApiAccessLogs4B419BF6": {
      "DeletionPolicy": "Delete",
      "Properties": {
        "RetentionInDays": 30,
      },
      "Type": "AWS::Logs::LogGroup",
      "UpdateReplacePolicy": "Delete",
    },
    "HttpApiDefaultRoute146696CE": {
      "Properties": {
        "ApiId": {
          "Ref": "HttpApiF5A9A8A7",
        },
        "AuthorizationType": "NONE",
        "RouteKey": "$default",
        "Target": {
          "Fn::Join": [
            "",
            [
              "integrations/",
              {
                "Ref": "HttpApiDefaultRouteApiIntegration33D1984A",
              },
            ],
          ],
        },
      },
      "Type": "AWS::ApiGatewayV2::Route",
    },
    "HttpApiDefaultRouteApiIntegration33D1984A": {
      "Properties": {
        "ApiId": {
          "Ref": "HttpApiF5A9A8A7",
        },
        "IntegrationType": "AWS_PROXY",
        "IntegrationUri": {
          "Fn::GetAtt": [
            "ApiFunctionCE271BD4",
            "Arn",
          ],
        },
        "PayloadFormatVersion": "2.0",
      },
      "Type": "AWS::ApiGatewayV2::Integration",
    },
    "HttpApiDefaultRouteApiIntegrationPermission87FFCA32": {
      "Properties": {
        "Action": "lambda:InvokeFunction",
        "FunctionName": {
          "Fn::GetAtt": [
            "ApiFunctionCE271BD4",
            "Arn",
          ],
        },
        "Principal": "apigateway.amazonaws.com",
        "SourceArn": {
          "Fn::Join": [
            "",
            [
              "arn:",
              {
                "Ref": "AWS::Partition",
              },
              ":execute-api:eu-west-3:123456789012:",
              {
                "Ref": "HttpApiF5A9A8A7",
              },
              "/*/*",
            ],
          ],
        },
      },
      "Type": "AWS::Lambda::Permission",
    },
    "HttpApiF5A9A8A7": {
      "Properties": {
        "Description": "Tennis players REST API",
        "Name": "tennis-players-api",
        "ProtocolType": "HTTP",
      },
      "Type": "AWS::ApiGatewayV2::Api",
    },
    "MigrationFunction1060F2E0": {
      "DependsOn": [
        "MigrationFunctionServiceRoleDefaultPolicy280CFF3C",
        "MigrationFunctionServiceRole14DD1B1C",
      ],
      "Properties": {
        "Architectures": [
          "arm64",
        ],
        "Code": {
          "S3Bucket": "cdk-hnb659fds-assets-123456789012-eu-west-3",
          "S3Key": "31c6dd018e4ef78ede67057ad9bcccb8a5447c4c0510c1ab5a7f8f6a7eb8effc.zip",
        },
        "Description": "Applies DynamoDB data migrations",
        "Environment": {
          "Variables": {
            "NODE_OPTIONS": "--enable-source-maps",
            "PLAYERS_TABLE_NAME": {
              "Ref": "TableCD117FA1",
            },
          },
        },
        "Handler": "index.handler",
        "LoggingConfig": {
          "LogFormat": "JSON",
          "LogGroup": {
            "Ref": "MigrationFunctionLogs77032F46",
          },
        },
        "MemorySize": 512,
        "Role": {
          "Fn::GetAtt": [
            "MigrationFunctionServiceRole14DD1B1C",
            "Arn",
          ],
        },
        "Runtime": "nodejs24.x",
        "Timeout": 300,
      },
      "Type": "AWS::Lambda::Function",
    },
    "MigrationFunctionLogs77032F46": {
      "DeletionPolicy": "Delete",
      "Properties": {
        "RetentionInDays": 30,
      },
      "Type": "AWS::Logs::LogGroup",
      "UpdateReplacePolicy": "Delete",
    },
    "MigrationFunctionServiceRole14DD1B1C": {
      "Properties": {
        "AssumeRolePolicyDocument": {
          "Statement": [
            {
              "Action": "sts:AssumeRole",
              "Effect": "Allow",
              "Principal": {
                "Service": "lambda.amazonaws.com",
              },
            },
          ],
          "Version": "2012-10-17",
        },
        "ManagedPolicyArns": [
          {
            "Fn::Join": [
              "",
              [
                "arn:",
                {
                  "Ref": "AWS::Partition",
                },
                ":iam::aws:policy/service-role/AWSLambdaBasicExecutionRole",
              ],
            ],
          },
        ],
      },
      "Type": "AWS::IAM::Role",
    },
    "MigrationFunctionServiceRoleDefaultPolicy280CFF3C": {
      "Properties": {
        "PolicyDocument": {
          "Statement": [
            {
              "Action": [
                "dynamodb:BatchGetItem",
                "dynamodb:Query",
                "dynamodb:GetItem",
                "dynamodb:Scan",
                "dynamodb:ConditionCheckItem",
                "dynamodb:BatchWriteItem",
                "dynamodb:PutItem",
                "dynamodb:UpdateItem",
                "dynamodb:DeleteItem",
                "dynamodb:DescribeTable",
              ],
              "Effect": "Allow",
              "Resource": [
                {
                  "Fn::GetAtt": [
                    "TableCD117FA1",
                    "Arn",
                  ],
                },
                {
                  "Fn::Join": [
                    "",
                    [
                      {
                        "Fn::GetAtt": [
                          "TableCD117FA1",
                          "Arn",
                        ],
                      },
                      "/index/*",
                    ],
                  ],
                },
              ],
            },
            {
              "Action": [
                "dynamodb:GetRecords",
                "dynamodb:GetShardIterator",
              ],
              "Effect": "Allow",
              "Resource": [
                {
                  "Fn::GetAtt": [
                    "TableCD117FA1",
                    "Arn",
                  ],
                },
                {
                  "Fn::Join": [
                    "",
                    [
                      {
                        "Fn::GetAtt": [
                          "TableCD117FA1",
                          "Arn",
                        ],
                      },
                      "/index/*",
                    ],
                  ],
                },
              ],
            },
          ],
          "Version": "2012-10-17",
        },
        "PolicyName": "MigrationFunctionServiceRoleDefaultPolicy280CFF3C",
        "Roles": [
          {
            "Ref": "MigrationFunctionServiceRole14DD1B1C",
          },
        ],
      },
      "Type": "AWS::IAM::Policy",
    },
    "MigrationProviderLogsAC98F837": {
      "DeletionPolicy": "Delete",
      "Properties": {
        "RetentionInDays": 30,
      },
      "Type": "AWS::Logs::LogGroup",
      "UpdateReplacePolicy": "Delete",
    },
    "MigrationProviderframeworkonEvent9E1FE302": {
      "DependsOn": [
        "MigrationProviderframeworkonEventServiceRoleDefaultPolicyF3B7A299",
        "MigrationProviderframeworkonEventServiceRole4AC7B7BE",
      ],
      "Properties": {
        "Code": {
          "S3Bucket": "cdk-hnb659fds-assets-123456789012-eu-west-3",
          "S3Key": "e16ffb3b34af185b8b30c88fdb19faa13b6c42bb38580485c4e84b384ee48b63.zip",
        },
        "Description": "AWS CDK resource provider framework - onEvent (TestStack/MigrationProvider)",
        "Environment": {
          "Variables": {
            "USER_ON_EVENT_FUNCTION_ARN": {
              "Fn::GetAtt": [
                "MigrationFunction1060F2E0",
                "Arn",
              ],
            },
          },
        },
        "Handler": "framework.onEvent",
        "LoggingConfig": {
          "ApplicationLogLevel": "FATAL",
          "LogFormat": "JSON",
          "LogGroup": {
            "Ref": "MigrationProviderLogsAC98F837",
          },
        },
        "Role": {
          "Fn::GetAtt": [
            "MigrationProviderframeworkonEventServiceRole4AC7B7BE",
            "Arn",
          ],
        },
        "Runtime": "nodejs24.x",
        "Timeout": 900,
      },
      "Type": "AWS::Lambda::Function",
    },
    "MigrationProviderframeworkonEventServiceRole4AC7B7BE": {
      "Properties": {
        "AssumeRolePolicyDocument": {
          "Statement": [
            {
              "Action": "sts:AssumeRole",
              "Effect": "Allow",
              "Principal": {
                "Service": "lambda.amazonaws.com",
              },
            },
          ],
          "Version": "2012-10-17",
        },
        "ManagedPolicyArns": [
          {
            "Fn::Join": [
              "",
              [
                "arn:",
                {
                  "Ref": "AWS::Partition",
                },
                ":iam::aws:policy/service-role/AWSLambdaBasicExecutionRole",
              ],
            ],
          },
        ],
      },
      "Type": "AWS::IAM::Role",
    },
    "MigrationProviderframeworkonEventServiceRoleDefaultPolicyF3B7A299": {
      "Properties": {
        "PolicyDocument": {
          "Statement": [
            {
              "Action": "lambda:InvokeFunction",
              "Effect": "Allow",
              "Resource": [
                {
                  "Fn::GetAtt": [
                    "MigrationFunction1060F2E0",
                    "Arn",
                  ],
                },
                {
                  "Fn::Join": [
                    "",
                    [
                      {
                        "Fn::GetAtt": [
                          "MigrationFunction1060F2E0",
                          "Arn",
                        ],
                      },
                      ":*",
                    ],
                  ],
                },
              ],
            },
            {
              "Action": "lambda:GetFunction",
              "Effect": "Allow",
              "Resource": {
                "Fn::GetAtt": [
                  "MigrationFunction1060F2E0",
                  "Arn",
                ],
              },
            },
          ],
          "Version": "2012-10-17",
        },
        "PolicyName": "MigrationProviderframeworkonEventServiceRoleDefaultPolicyF3B7A299",
        "Roles": [
          {
            "Ref": "MigrationProviderframeworkonEventServiceRole4AC7B7BE",
          },
        ],
      },
      "Type": "AWS::IAM::Policy",
    },
    "Migrations": {
      "DeletionPolicy": "Delete",
      "Properties": {
        "ServiceToken": {
          "Fn::GetAtt": [
            "MigrationProviderframeworkonEvent9E1FE302",
            "Arn",
          ],
        },
        "migrations": [
          "001-seed-players",
          "002-init-player-id-counter",
        ],
      },
      "Type": "Custom::DatabaseMigrations",
      "UpdateReplacePolicy": "Delete",
    },
    "TableCD117FA1": {
      "DeletionPolicy": "Delete",
      "Properties": {
        "AttributeDefinitions": [
          {
            "AttributeName": "PK",
            "AttributeType": "S",
          },
          {
            "AttributeName": "SK",
            "AttributeType": "S",
          },
          {
            "AttributeName": "GSI1PK",
            "AttributeType": "S",
          },
          {
            "AttributeName": "GSI1SK",
            "AttributeType": "S",
          },
          {
            "AttributeName": "GSI2PK",
            "AttributeType": "S",
          },
          {
            "AttributeName": "GSI2SK",
            "AttributeType": "S",
          },
        ],
        "BillingMode": "PAY_PER_REQUEST",
        "GlobalSecondaryIndexes": [
          {
            "IndexName": "GSI1",
            "KeySchema": [
              {
                "AttributeName": "GSI1PK",
                "KeyType": "HASH",
              },
              {
                "AttributeName": "GSI1SK",
                "KeyType": "RANGE",
              },
            ],
            "Projection": {
              "ProjectionType": "ALL",
            },
          },
          {
            "IndexName": "GSI2",
            "KeySchema": [
              {
                "AttributeName": "GSI2PK",
                "KeyType": "HASH",
              },
              {
                "AttributeName": "GSI2SK",
                "KeyType": "RANGE",
              },
            ],
            "Projection": {
              "ProjectionType": "ALL",
            },
          },
        ],
        "KeySchema": [
          {
            "AttributeName": "PK",
            "KeyType": "HASH",
          },
          {
            "AttributeName": "SK",
            "KeyType": "RANGE",
          },
        ],
        "Replicas": [
          {
            "GlobalSecondaryIndexes": [
              {
                "IndexName": "GSI1",
              },
              {
                "IndexName": "GSI2",
              },
            ],
            "Region": "eu-west-3",
          },
        ],
      },
      "Type": "AWS::DynamoDB::GlobalTable",
      "UpdateReplacePolicy": "Delete",
    },
  },
  "Rules": {
    "CheckBootstrapVersion": {
      "Assertions": [
        {
          "Assert": {
            "Fn::Not": [
              {
                "Fn::Contains": [
                  [
                    "1",
                    "2",
                    "3",
                    "4",
                    "5",
                  ],
                  {
                    "Ref": "BootstrapVersion",
                  },
                ],
              },
            ],
          },
          "AssertDescription": "CDK bootstrap stack version 6 required. Please run 'cdk bootstrap' with a recent version of the CDK CLI.",
        },
      ],
    },
  },
}
`;
